№13 | 2026-09-01 02:52 | Мира 27, кв. 132 | сантехника | закрыта
№15 | 2026-09-01 03:24 | Заводская 28, кв. 67 | сантехника | закрыта
№16 | 2026-09-01 03:40 | Речная 2, кв. 137 | сантехника | закрыта
№25 | 2026-09-01 05:26 | Заводская 15, кв. 86 | отопление | закрыта
№27 | 2026-09-01 05:45 | Заводская 21, кв. 39 | сантехника | закрыта
№40 | 2026-09-01 07:42 | Северная 13, кв. 82 | отопление | закрыта
№47 | 2026-09-01 08:41 | Северная 24, кв. 104 | отопление | закрыта
№56 | 2026-09-01 10:08 | Школьная 3, кв. 146 | сантехника | выполнена
№67 | 2026-09-01 12:22 | Садовая 25, кв. 114 | сантехника | выполнена
№68 | 2026-09-01 12:32 | Садовая 39, кв. 115 | сантехника | выполнена
№93 | 2026-09-01 16:52 | Речная 34, кв. 121 | сантехника | закрыта
№94 | 2026-09-01 16:57 | Речная 12, кв. 164 | сантехника | закрыта
№97 | 2026-09-01 17:35 | Речная 29, кв. 120 | отопление | выполнена
№106 | 2026-09-01 19:23 | Речная 37, кв. 83 | сантехника | закрыта
№109 | 2026-09-01 20:16 | Мира 20, кв. 128 | сантехника | закрыта
№116 | 2026-09-01 22:02 | Лесная 27, кв. 122 | отопление | новая
№118 | 2026-09-01 22:19 | Речная 28, кв. 9 | отопление | новая
№122 | 2026-09-01 22:54 | Лесная 15, кв. 28 | отопление | выполнена
№125 | 2026-09-01 23:27 | Мира 22, кв. 131 | отопление | новая
№126 | 2026-09-01 23:47 | Северная 39, кв. 110 | сантехника | закрыта
№130 | 2026-09-02 00:44 | Речная 36, кв. 39 | сантехника | закрыта
№144 | 2026-09-02 03:06 | Школьная 9, кв. 3 | сантехника | закрыта
№147 | 2026-09-02 03:23 | Полевая 23, кв. 124 | сантехника | закрыта
№149 | 2026-09-02 03:46 | Заводская 36, кв. 118 | отопление | закрыта
№170 | 2026-09-02 07:49 | Заводская 5, кв. 179 | отопление | отменена
№171 | 2026-09-02 07:57 | Полевая 12, кв. 146 | сантехника | закрыта
№173 | 2026-09-02 08:21 | Лесная 6, кв. 172 | сантехника | закрыта
№174 | 2026-09-02 08:39 | Лесная 30, кв. 180 | сантехника | закрыта
№185 | 2026-09-02 10:51 | Школьная 40, кв. 10 | сантехника | выполнена
№188 | 2026-09-02 11:43 | Мира 40, кв. 153 | отопление | выполнена
№200 | 2026-09-02 13:50 | Лесная 38, кв. 15 | сантехника | выполнена
№205 | 2026-09-02 14:08 | Лесная 16, кв. 49 | отопление | закрыта
№216 | 2026-09-02 15:48 | Школьная 1, кв. 55 | отопление | выполнена
№234 | 2026-09-02 18:25 | Школьная 18, кв. 4 | отопление | выполнена
№240 | 2026-09-02 19:28 | Заводская 17, кв. 70 | сантехника | выполнена
№255 | 2026-09-02 22:09 | Лесная 37, кв. 198 | сантехника | закрыта
№256 | 2026-09-02 22:17 | Школьная 29, кв. 196 | отопление | выполнена
№262 | 2026-09-02 23:25 | Полевая 16, кв. 145 | сантехника | выполнена
№272 | 2026-09-03 00:44 | Полевая 27, кв. 184 | отопление | выполнена
№308 | 2026-09-03 07:04 | Лесная 23, кв. 163 | отопление | закрыта
№312 | 2026-09-03 07:42 | Мира 20, кв. 22 | отопление | отменена
№324 | 2026-09-03 09:29 | Лесная 23, кв. 44 | отопление | выполнена
№330 | 2026-09-03 10:29 | Полевая 24, кв. 183 | отопление | назначена
№341 | 2026-09-03 12:34 | Школьная 36, кв. 141 | сантехника | выполнена
№344 | 2026-09-03 13:12 | Лесная 30, кв. 169 | сантехника | закрыта
№362 | 2026-09-03 16:43 | Полевая 24, кв. 64 | сантехника | выполнена
№364 | 2026-09-03 17:04 | Школьная 3, кв. 56 | отопление | закрыта
№369 | 2026-09-03 17:43 | Заводская 37, кв. 8 | отопление | назначена
№396 | 2026-09-03 23:06 | Заводская 26, кв. 103 | сантехника | закрыта
№398 | 2026-09-03 23:19 | Садовая 16, кв. 196 | сантехника | закрыта
№400 | 2026-09-03 23:50 | Садовая 27, кв. 22 | сантехника | новая
найдено: 51
