№35 | 2026-09-01 06:59 | Заводская 36, кв. 9 | уборка | закрыта
№74 | 2026-09-01 14:01 | Речная 40, кв. 88 | уборка | выполнена
№80 | 2026-09-01 14:46 | Речная 14, кв. 133 | уборка | закрыта
№98 | 2026-09-01 17:36 | Северная 28, кв. 58 | уборка | выполнена
№132 | 2026-09-02 00:59 | Садовая 6, кв. 118 | уборка | закрыта
№137 | 2026-09-02 02:05 | Школьная 26, кв. 87 | уборка | выполнена
№142 | 2026-09-02 02:51 | Мира 40, кв. 69 | уборка | закрыта
№150 | 2026-09-02 03:59 | Заводская 13, кв. 181 | уборка | закрыта
№152 | 2026-09-02 04:34 | Речная 33, кв. 113 | уборка | закрыта
№154 | 2026-09-02 04:48 | Школьная 32, кв. 124 | уборка | выполнена
№180 | 2026-09-02 09:45 | Полевая 33, кв. 24 | уборка | назначена
№187 | 2026-09-02 11:29 | Школьная 25, кв. 9 | уборка | назначена
№194 | 2026-09-02 12:38 | Речная 7, кв. 10 | уборка | назначена
№210 | 2026-09-02 15:04 | Полевая 32, кв. 81 | уборка | закрыта
№244 | 2026-09-02 19:54 | Полевая 26, кв. 124 | уборка | выполнена
№294 | 2026-09-03 04:34 | Заводская 38, кв. 155 | уборка | закрыта
№296 | 2026-09-03 04:52 | Садовая 5, кв. 152 | уборка | закрыта
№314 | 2026-09-03 08:02 | Лесная 28, кв. 120 | уборка | отменена
№350 | 2026-09-03 14:23 | Речная 36, кв. 9 | уборка | новая
№352 | 2026-09-03 14:33 | Школьная 24, кв. 139 | уборка | закрыта
№354 | 2026-09-03 14:52 | Речная 36, кв. 94 | уборка | закрыта
№392 | 2026-09-03 22:09 | Речная 6, кв. 105 | уборка | выполнена
найдено: 22
