№15 | 2026-09-01 03:24 | Заводская 28, кв. 67 | сантехника | закрыта
№20 | 2026-09-01 04:23 | Заводская 38, кв. 110 | сантехника | закрыта
№25 | 2026-09-01 05:26 | Заводская 15, кв. 86 | отопление | закрыта
№26 | 2026-09-01 05:38 | Заводская 24, кв. 9 | отопление | закрыта
№27 | 2026-09-01 05:45 | Заводская 21, кв. 39 | сантехника | закрыта
№35 | 2026-09-01 06:59 | Заводская 36, кв. 9 | уборка | закрыта
№38 | 2026-09-01 07:31 | Заводская 4, кв. 52 | отопление | закрыта
№43 | 2026-09-01 07:59 | Заводская 12, кв. 26 | сантехника | закрыта
№46 | 2026-09-01 08:22 | Заводская 15, кв. 95 | сантехника | закрыта
№48 | 2026-09-01 08:56 | Заводская 22, кв. 37 | электрика | закрыта
№52 | 2026-09-01 09:44 | Заводская 28, кв. 56 | уборка | закрыта
№54 | 2026-09-01 10:03 | Заводская 6, кв. 73 | электрика | выполнена
№60 | 2026-09-01 11:10 | Заводская 8, кв. 17 | электрика | новая
№65 | 2026-09-01 12:05 | Заводская 27, кв. 119 | сантехника | закрыта
№70 | 2026-09-01 13:09 | Заводская 24, кв. 73 | уборка | выполнена
№72 | 2026-09-01 13:32 | Заводская 7, кв. 129 | отопление | назначена
№77 | 2026-09-01 14:17 | Заводская 24, кв. 141 | уборка | назначена
№81 | 2026-09-01 14:56 | Заводская 19, кв. 27 | уборка | новая
№100 | 2026-09-01 17:55 | Заводская 1, кв. 27 | лифт | выполнена
№149 | 2026-09-02 03:46 | Заводская 36, кв. 118 | отопление | закрыта
№150 | 2026-09-02 03:59 | Заводская 13, кв. 181 | уборка | закрыта
№157 | 2026-09-02 05:21 | Заводская 5, кв. 10 | сантехника | закрыта
№170 | 2026-09-02 07:49 | Заводская 5, кв. 179 | отопление | отменена
№172 | 2026-09-02 08:16 | Заводская 21, кв. 114 | электрика | закрыта
№193 | 2026-09-02 12:32 | Заводская 27, кв. 67 | электрика | назначена
№195 | 2026-09-02 12:47 | Заводская 16, кв. 100 | сантехника | выполнена
№204 | 2026-09-02 14:06 | Заводская 39, кв. 166 | сантехника | выполнена
№229 | 2026-09-02 17:45 | Заводская 19, кв. 76 | уборка | выполнена
№237 | 2026-09-02 19:04 | Заводская 36, кв. 16 | отопление | закрыта
№240 | 2026-09-02 19:28 | Заводская 17, кв. 70 | сантехника | выполнена
№261 | 2026-09-02 23:05 | Заводская 37, кв. 163 | лифт | выполнена
№269 | 2026-09-03 00:17 | Заводская 8, кв. 150 | сантехника | выполнена
№273 | 2026-09-03 00:56 | Заводская 4, кв. 103 | электрика | закрыта
№284 | 2026-09-03 02:48 | Заводская 4, кв. 142 | отопление | закрыта
№294 | 2026-09-03 04:34 | Заводская 38, кв. 155 | уборка | закрыта
№300 | 2026-09-03 05:14 | Заводская 13, кв. 32 | уборка | выполнена
№304 | 2026-09-03 06:03 | Заводская 6, кв. 79 | электрика | выполнена
№310 | 2026-09-03 07:25 | Заводская 17, кв. 138 | отопление | закрыта
№315 | 2026-09-03 08:08 | Заводская 19, кв. 63 | электрика | закрыта
№318 | 2026-09-03 08:35 | Заводская 17, кв. 45 | сантехника | выполнена
№338 | 2026-09-03 11:58 | Заводская 11, кв. 38 | электрика | выполнена
№346 | 2026-09-03 13:42 | Заводская 5, кв. 118 | сантехника | закрыта
№369 | 2026-09-03 17:43 | Заводская 37, кв. 8 | отопление | назначена
№374 | 2026-09-03 18:37 | Заводская 35, кв. 157 | сантехника | закрыта
№382 | 2026-09-03 20:31 | Заводская 34, кв. 96 | лифт | закрыта
№396 | 2026-09-03 23:06 | Заводская 26, кв. 103 | сантехника | закрыта
№397 | 2026-09-03 23:13 | Заводская 7, кв. 48 | уборка | отменена
найдено: 47
