№251 | аварийная | 2026-09-02 21:13 | сантехника | назначена | Речная 10, кв. 174
№282 | аварийная | 2026-09-03 02:34 | электрика | новая | Мира 40, кв. 128
№325 | аварийная | 2026-09-03 09:30 | сантехника | назначена | Школьная 5, кв. 66
№369 | аварийная | 2026-09-03 17:43 | отопление | назначена | Заводская 37, кв. 8
№7 | обычная | 2026-09-01 01:24 | электрика | новая | Лесная 32, кв. 39
№14 | обычная | 2026-09-01 03:11 | сантехника | назначена | Полевая 30, кв. 90
№22 | обычная | 2026-09-01 04:54 | сантехника | новая | Лесная 37, кв. 154
№24 | обычная | 2026-09-01 05:22 | электрика | назначена | Полевая 6, кв. 123
№36 | обычная | 2026-09-01 07:17 | отопление | новая | Лесная 9, кв. 52
№72 | обычная | 2026-09-01 13:32 | отопление | назначена | Заводская 7, кв. 129
№73 | обычная | 2026-09-01 13:46 | лифт | назначена | Лесная 17, кв. 45
№81 | обычная | 2026-09-01 14:56 | уборка | новая | Заводская 19, кв. 27
№86 | обычная | 2026-09-01 15:54 | электрика | назначена | Лесная 26, кв. 74
№88 | обычная | 2026-09-01 15:58 | сантехника | новая | Школьная 22, кв. 80
№90 | обычная | 2026-09-01 16:24 | сантехника | назначена | Лесная 17, кв. 125
№92 | обычная | 2026-09-01 16:32 | электрика | назначена | Школьная 11, кв. 66
№95 | обычная | 2026-09-01 17:07 | отопление | новая | Школьная 18, кв. 185
№104 | обычная | 2026-09-01 18:56 | лифт | назначена | Лесная 8, кв. 67
№105 | обычная | 2026-09-01 19:04 | уборка | новая | Северная 40, кв. 109
№111 | обычная | 2026-09-01 20:45 | электрика | новая | Лесная 36, кв. 53
№116 | обычная | 2026-09-01 22:02 | отопление | новая | Лесная 27, кв. 122
№118 | обычная | 2026-09-01 22:19 | отопление | новая | Речная 28, кв. 9
№119 | обычная | 2026-09-01 22:33 | уборка | назначена | Садовая 38, кв. 127
№121 | обычная | 2026-09-01 22:50 | отопление | назначена | Школьная 31, кв. 46
№124 | обычная | 2026-09-01 23:20 | прочее | назначена | Мира 4, кв. 95
№125 | обычная | 2026-09-01 23:27 | отопление | новая | Мира 22, кв. 131
№135 | обычная | 2026-09-02 01:42 | электрика | назначена | Полевая 37, кв. 37
№153 | обычная | 2026-09-02 04:45 | лифт | назначена | Садовая 13, кв. 167
№164 | обычная | 2026-09-02 06:25 | отопление | новая | Лесная 37, кв. 146
№168 | обычная | 2026-09-02 07:16 | прочее | назначена | Школьная 11, кв. 182
№178 | обычная | 2026-09-02 09:18 | лифт | назначена | Мира 1, кв. 86
№180 | обычная | 2026-09-02 09:45 | уборка | назначена | Полевая 33, кв. 24
№194 | обычная | 2026-09-02 12:38 | уборка | назначена | Речная 7, кв. 10
№203 | обычная | 2026-09-02 14:04 | электрика | назначена | Северная 18, кв. 99
№217 | обычная | 2026-09-02 16:00 | электрика | новая | Мира 9, кв. 19
№231 | обычная | 2026-09-02 18:03 | сантехника | назначена | Садовая 40, кв. 176
№236 | обычная | 2026-09-02 18:59 | сантехника | назначена | Речная 25, кв. 191
№249 | обычная | 2026-09-02 20:44 | прочее | назначена | Северная 35, кв. 53
№264 | обычная | 2026-09-02 23:27 | отопление | назначена | Мира 37, кв. 101
№270 | обычная | 2026-09-03 00:22 | электрика | назначена | Полевая 21, кв. 96
№276 | обычная | 2026-09-03 01:24 | электрика | назначена | Полевая 35, кв. 62
№278 | обычная | 2026-09-03 01:54 | лифт | назначена | Северная 21, кв. 96
№285 | обычная | 2026-09-03 02:54 | уборка | новая | Школьная 32, кв. 33
№292 | обычная | 2026-09-03 03:58 | прочее | назначена | Речная 39, кв. 162
№311 | обычная | 2026-09-03 07:32 | сантехника | назначена | Полевая 14, кв. 169
№313 | обычная | 2026-09-03 07:50 | электрика | новая | Мира 3, кв. 165
№323 | обычная | 2026-09-03 09:24 | прочее | новая | Садовая 3, кв. 119
№330 | обычная | 2026-09-03 10:29 | отопление | назначена | Полевая 24, кв. 183
№331 | обычная | 2026-09-03 10:47 | отопление | назначена | Речная 22, кв. 150
№332 | обычная | 2026-09-03 10:58 | электрика | назначена | Школьная 38, кв. 91
№333 | обычная | 2026-09-03 11:18 | электрика | назначена | Мира 11, кв. 100
№339 | обычная | 2026-09-03 12:01 | прочее | назначена | Лесная 19, кв. 131
№340 | обычная | 2026-09-03 12:18 | сантехника | назначена | Садовая 40, кв. 103
№349 | обычная | 2026-09-03 14:17 | сантехника | назначена | Полевая 14, кв. 15
№357 | обычная | 2026-09-03 15:41 | электрика | назначена | Лесная 2, кв. 131
№385 | обычная | 2026-09-03 21:00 | сантехника | назначена | Северная 33, кв. 48
№387 | обычная | 2026-09-03 21:29 | сантехника | назначена | Садовая 4, кв. 117
№394 | обычная | 2026-09-03 22:41 | электрика | назначена | Лесная 1, кв. 19
№18 | плановая | 2026-09-01 03:59 | отопление | новая | Полевая 24, кв. 4
№30 | плановая | 2026-09-01 06:15 | электрика | новая | Лесная 29, кв. 19
№32 | плановая | 2026-09-01 06:34 | прочее | назначена | Северная 14, кв. 161
№49 | плановая | 2026-09-01 09:12 | отопление | назначена | Мира 27, кв. 185
№60 | плановая | 2026-09-01 11:10 | электрика | новая | Заводская 8, кв. 17
№75 | плановая | 2026-09-01 14:05 | лифт | назначена | Лесная 3, кв. 49
№77 | плановая | 2026-09-01 14:17 | уборка | назначена | Заводская 24, кв. 141
№107 | плановая | 2026-09-01 19:43 | прочее | новая | Мира 24, кв. 106
№138 | плановая | 2026-09-02 02:19 | сантехника | новая | Речная 22, кв. 7
№156 | плановая | 2026-09-02 05:02 | лифт | назначена | Мира 19, кв. 181
№159 | плановая | 2026-09-02 05:37 | уборка | назначена | Садовая 11, кв. 126
№166 | плановая | 2026-09-02 06:52 | электрика | новая | Северная 27, кв. 7
№167 | плановая | 2026-09-02 07:02 | сантехника | назначена | Мира 1, кв. 159
№169 | плановая | 2026-09-02 07:29 | электрика | назначена | Школьная 16, кв. 177
№182 | плановая | 2026-09-02 10:15 | лифт | новая | Речная 13, кв. 138
№187 | плановая | 2026-09-02 11:29 | уборка | назначена | Школьная 25, кв. 9
№193 | плановая | 2026-09-02 12:32 | электрика | назначена | Заводская 27, кв. 67
№196 | плановая | 2026-09-02 12:54 | лифт | назначена | Речная 3, кв. 139
№197 | плановая | 2026-09-02 13:05 | сантехника | назначена | Лесная 29, кв. 171
№209 | плановая | 2026-09-02 14:56 | электрика | назначена | Северная 39, кв. 140
№245 | плановая | 2026-09-02 19:57 | сантехника | новая | Северная 38, кв. 26
№252 | плановая | 2026-09-02 21:32 | лифт | назначена | Школьная 14, кв. 4
№254 | плановая | 2026-09-02 22:07 | электрика | назначена | Мира 28, кв. 16
№288 | плановая | 2026-09-03 03:25 | отопление | назначена | Северная 32, кв. 61
№350 | плановая | 2026-09-03 14:23 | уборка | новая | Речная 36, кв. 9
№356 | плановая | 2026-09-03 15:21 | сантехника | новая | Садовая 37, кв. 64
№366 | плановая | 2026-09-03 17:20 | отопление | назначена | Садовая 15, кв. 76
№367 | плановая | 2026-09-03 17:28 | лифт | назначена | Северная 17, кв. 130
№384 | плановая | 2026-09-03 20:50 | электрика | новая | Садовая 23, кв. 114
№395 | плановая | 2026-09-03 22:49 | сантехника | новая | Полевая 20, кв. 182
№400 | плановая | 2026-09-03 23:50 | сантехника | новая | Садовая 27, кв. 22
в очереди: 89
